// Jest Snapshot v1, https://goo.gl/fbAQLP

exports[`DocumentTabs renders 1`] = `
<div
  className="container_zhnr9x-o_O-hidden_gxjeqd"
  style={
    Object {
      "display": "flex",
    }
  }
>
  <DocumentTab
    isOverflow={false}
    isSelected={true}
    key="0"
    onClick={[Function]}
    onDelete={[Function]}
    size="m"
    width={0}
  >
    doc1.pdf
  </DocumentTab>
  <MoreTab
    selectedLabel="doc1.pdf"
    size="m"
    width={0}
  >
    <DocumentTab
      isOverflow={true}
      isSelected={false}
      key="1"
      onClick={[Function]}
      onDelete={[Function]}
      size="m"
      width={0}
    >
      doc2.pdf
    </DocumentTab>
  </MoreTab>
  <button
    className="addDocumentButton_karj7w"
    onClick={[Function]}
    type="button"
  >
    <Icon
      alignment="baseline"
      color="blue30"
      deprecatedAllowColorInheritance={true}
      iconName="plus"
      isARIAAccessible={false}
    />
  </button>
</div>
`;
